2023-04-11 14:46:35
2023-04-11 14:46:43
